// Jest Snapshot v1, https://goo.gl/fbAQLP

exports[`TextInput renders correctly 1`] = `
<div>
  <input
    class="className base "
    type="text"
  />
</div>
`;
