// Jest Snapshot v1, https://goo.gl/fbAQLP

exports[`TextArea renders correctly 1`] = `
<div>
  <textarea
    class="className base "
  />
</div>
`;
