// Jest Snapshot v1, https://goo.gl/fbAQLP

exports[`AppBackground renders correctly 1`] = `
<div>
  <div
    class="background"
  >
    <div
      class="gradient"
    />
  </div>
</div>
`;
