// Jest Snapshot v1, https://goo.gl/fbAQLP

exports[`ModalBackdrop renders correctly 1`] = `
<div>
  <div
    class="backdrop"
  />
  <div
    class="modal"
  />
</div>
`;
