// Jest Snapshot v1, https://goo.gl/fbAQLP

exports[`TextButton renders correctly 1`] = `
<div>
  <button
    class="text-button"
  >
    text
  </button>
</div>
`;
